------------------------------------------------------------
TimeQuest Timing Analyzer Summary
------------------------------------------------------------

Type  : Slow 1200mV 85C Model Setup 'clk'
Slack : -104.908
TNS   : -6771.298

Type  : Slow 1200mV 85C Model Setup 'start_stop'
Slack : 0.318
TNS   : 0.000

Type  : Slow 1200mV 85C Model Hold 'clk'
Slack : 0.345
TNS   : 0.000

Type  : Slow 1200mV 85C Model Hold 'start_stop'
Slack : 0.385
TNS   : 0.000

Type  : Slow 1200mV 85C Model Minimum Pulse Width 'clk'
Slack : -3.000
TNS   : -211.318

Type  : Slow 1200mV 85C Model Minimum Pulse Width 'start_stop'
Slack : -3.000
TNS   : -4.000

Type  : Slow 1200mV 0C Model Setup 'clk'
Slack : -93.501
TNS   : -6017.137

Type  : Slow 1200mV 0C Model Setup 'start_stop'
Slack : 0.398
TNS   : 0.000

Type  : Slow 1200mV 0C Model Hold 'clk'
Slack : 0.300
TNS   : 0.000

Type  : Slow 1200mV 0C Model Hold 'start_stop'
Slack : 0.341
TNS   : 0.000

Type  : Slow 1200mV 0C Model Minimum Pulse Width 'clk'
Slack : -3.000
TNS   : -211.292

Type  : Slow 1200mV 0C Model Minimum Pulse Width 'start_stop'
Slack : -3.000
TNS   : -4.000

Type  : Fast 1200mV 0C Model Setup 'clk'
Slack : -59.917
TNS   : -3804.517

Type  : Fast 1200mV 0C Model Setup 'start_stop'
Slack : 0.626
TNS   : 0.000

Type  : Fast 1200mV 0C Model Hold 'clk'
Slack : 0.180
TNS   : 0.000

Type  : Fast 1200mV 0C Model Hold 'start_stop'
Slack : 0.208
TNS   : 0.000

Type  : Fast 1200mV 0C Model Minimum Pulse Width 'clk'
Slack : -3.000
TNS   : -204.759

Type  : Fast 1200mV 0C Model Minimum Pulse Width 'start_stop'
Slack : -3.000
TNS   : -4.160

------------------------------------------------------------
